

     ************************************************************************
     *************** Dalton - An Electronic Structure Program ***************
     ************************************************************************

    This is output from DALTON release Dalton2020.0.beta (2020)
         ( Web site: http://daltonprogram.org )

   ----------------------------------------------------------------------------

    NOTE:
     
    Dalton is an experimental code for the evaluation of molecular
    properties using (MC)SCF, DFT, CI, and CC wave functions.
    The authors accept no responsibility for the performance of
    the code or for the correctness of the results.
     
    The code (in whole or part) is provided under a licence and
    is not to be reproduced for further distribution without
    the written permission of the authors or their representatives.
     
    See the home page "http://daltonprogram.org" for further information.
     
    If results obtained with this code are published,
    the appropriate citations would be both of:
     
       K. Aidas, C. Angeli, K. L. Bak, V. Bakken, R. Bast,
       L. Boman, O. Christiansen, R. Cimiraglia, S. Coriani,
       P. Dahle, E. K. Dalskov, U. Ekstroem,
       T. Enevoldsen, J. J. Eriksen, P. Ettenhuber, B. Fernandez,
       L. Ferrighi, H. Fliegl, L. Frediani, K. Hald, A. Halkier,
       C. Haettig, H. Heiberg, T. Helgaker, A. C. Hennum,
       H. Hettema, E. Hjertenaes, S. Hoest, I.-M. Hoeyvik,
       M. F. Iozzi, B. Jansik, H. J. Aa. Jensen, D. Jonsson,
       P. Joergensen, J. Kauczor, S. Kirpekar,
       T. Kjaergaard, W. Klopper, S. Knecht, R. Kobayashi, H. Koch,
       J. Kongsted, A. Krapp, K. Kristensen, A. Ligabue,
       O. B. Lutnaes, J. I. Melo, K. V. Mikkelsen, R. H. Myhre,
       C. Neiss, C. B. Nielsen, P. Norman, J. Olsen,
       J. M. H. Olsen, A. Osted, M. J. Packer, F. Pawlowski,
       T. B. Pedersen, P. F. Provasi, S. Reine, Z. Rinkevicius,
       T. A. Ruden, K. Ruud, V. Rybkin, P. Salek, C. C. M. Samson,
       A. Sanchez de Meras, T. Saue, S. P. A. Sauer,
       B. Schimmelpfennig, K. Sneskov, A. H. Steindal,
       K. O. Sylvester-Hvid, P. R. Taylor, A. M. Teale,
       E. I. Tellgren, D. P. Tew, A. J. Thorvaldsen, L. Thoegersen,
       O. Vahtras, M. A. Watson, D. J. D. Wilson, M. Ziolkowski
       and H. Agren,
       "The Dalton quantum chemistry program system",
       WIREs Comput. Mol. Sci. 2014, 4:269â€“284 (doi: 10.1002/wcms.1172)
     
    and
     
       Dalton, a molecular electronic structure program,
       Release Dalton2020.0.beta (2020), see http://daltonprogram.org
   ----------------------------------------------------------------------------

    Authors in alphabetical order (major contribution(s) in parenthesis):

  Kestutis Aidas,           Vilnius University,           Lithuania   (QM/MM)
  Celestino Angeli,         University of Ferrara,        Italy       (NEVPT2)
  Keld L. Bak,              UNI-C,                        Denmark     (AOSOPPA, non-adiabatic coupling, magnetic properties)
  Vebjoern Bakken,          University of Oslo,           Norway      (DALTON; geometry optimizer, symmetry detection)
  Radovan Bast,             UiT The Arctic U. of Norway,  Norway      (DALTON installation and execution frameworks)
  Pablo Baudin,             University of Valencia,       Spain       (Cholesky excitation energies)
  Linus Boman,              NTNU,                         Norway      (Cholesky decomposition and subsystems)
  Ove Christiansen,         Aarhus University,            Denmark     (CC module)
  Renzo Cimiraglia,         University of Ferrara,        Italy       (NEVPT2)
  Sonia Coriani,            Technical Univ. of Denmark,   Denmark     (CC module, MCD in RESPONS)
  Janusz Cukras,            University of Trieste,        Italy       (MChD in RESPONS)
  Paal Dahle,               University of Oslo,           Norway      (Parallelization)
  Erik K. Dalskov,          UNI-C,                        Denmark     (SOPPA)
  Thomas Enevoldsen,        Univ. of Southern Denmark,    Denmark     (SOPPA)
  Janus J. Eriksen,         Aarhus University,            Denmark     (Polarizable embedding model, TDA)
  Rasmus Faber,             University of Copenhagen,     Denmark     (Vib.avg. NMR with SOPPA, parallel AO-SOPPA)
  Tobias Fahleson,          KTH Stockholm,                Sweden      (Damped cubic response)
  Berta Fernandez,          U. of Santiago de Compostela, Spain       (doublet spin, ESR in RESPONS)
  Lara Ferrighi,            Aarhus University,            Denmark     (PCM Cubic response)
  Heike Fliegl,             University of Oslo,           Norway      (CCSD(R12))
  Luca Frediani,            UiT The Arctic U. of Norway,  Norway      (PCM)
  Bin Gao,                  UiT The Arctic U. of Norway,  Norway      (Gen1Int library)
  Christof Haettig,         Ruhr-University Bochum,       Germany     (CC module)
  Kasper Hald,              Aarhus University,            Denmark     (CC module)
  Asger Halkier,            Aarhus University,            Denmark     (CC module)
  Frederik Beyer Hansen,    University of Copenhagen,     Denmark     (Parallel AO-SOPPA)
  Erik D. Hedegaard,        Univ. of Southern Denmark,    Denmark     (Polarizable embedding model, QM/MM)
  Hanne Heiberg,            University of Oslo,           Norway      (geometry analysis, selected one-electron integrals)
  Trygve Helgaker,          University of Oslo,           Norway      (DALTON; ABACUS, ERI, DFT modules, London, and much more)
  Alf Christian Hennum,     University of Oslo,           Norway      (Parity violation)
  Hinne Hettema,            University of Auckland,       New Zealand (quadratic response in RESPONS; SIRIUS supersymmetry)
  Eirik Hjertenaes,         NTNU,                         Norway      (Cholesky decomposition)
  Pi A. B. Haase,           University of Copenhagen,     Denmark     (Triplet AO-SOPPA)
  Maria Francesca Iozzi,    University of Oslo,           Norway      (RPA)
  Christoph Jacob           TU Braunschweig               Germany     (Frozen density embedding model)
  Brano Jansik              Technical Univ. of Ostrava    Czech Rep.  (DFT cubic response)
  Hans Joergen Aa. Jensen,  Univ. of Southern Denmark,    Denmark     (DALTON; SIRIUS, RESPONS, ABACUS modules, London, and much more)
  Dan Jonsson,              UiT The Arctic U. of Norway,  Norway      (cubic response in RESPONS module)
  Poul Joergensen,          Aarhus University,            Denmark     (RESPONS, ABACUS, and CC modules)
  Maciej Kaminski,          University of Warsaw,         Poland      (CPPh in RESPONS)
  Joanna Kauczor,           Linkoeping University,        Sweden      (Complex polarization propagator (CPP) module)
  Sheela Kirpekar,          Univ. of Southern Denmark,    Denmark     (Mass-velocity & Darwin integrals)
  Wim Klopper,              KIT Karlsruhe,                Germany     (R12 code in CC, SIRIUS, and ABACUS modules)
  Stefan Knecht,            ETH Zurich,                   Switzerland (Parallel CI and MCSCF)
  Rika Kobayashi,           Australian National Univ.,    Australia   (DIIS in CC, London in MCSCF)
  Henrik Koch,              NTNU,                         Norway      (CC module, Cholesky decomposition)
  Jacob Kongsted,           Univ. of Southern Denmark,    Denmark     (Polarizable embedding model, QM/MM)
  Andrea Ligabue,           University of Modena,         Italy       (CTOCD, AOSOPPA)
  Nanna H. List             Univ. of Southern Denmark,    Denmark     (Polarizable embedding model)
  Ola B. Lutnaes,           University of Oslo,           Norway      (DFT Hessian)
  Juan I. Melo,             University of Buenos Aires,   Argentina   (LRESC, Relativistic Effects on NMR Shieldings)
  Kurt V. Mikkelsen,        University of Copenhagen,     Denmark     (MC-SCRF and QM/MM)
  Rolf H. Myhre,            NTNU,                         Norway      (Subsystems and CC3)
  Christian Neiss,          Univ. Erlangen-Nuernberg,     Germany     (CCSD(R12))
  Christian B. Nielsen,     University of Copenhagen,     Denmark     (QM/MM)
  Patrick Norman,           KTH Stockholm,                Sweden      (Cubic response and complex frequency response in RESPONS)
  Jeppe Olsen,              Aarhus University,            Denmark     (SIRIUS CI/density modules)
  Jogvan Magnus H. Olsen,   Univ. of Southern Denmark,    Denmark     (Polarizable embedding model, QM/MM)
  Anders Osted,             Copenhagen University,        Denmark     (QM/MM)
  Martin J. Packer,         University of Sheffield,      UK          (SOPPA)
  Filip Pawlowski,          Kazimierz Wielki University,  Poland      (CC3)
  Morten N. Pedersen,       Univ. of Southern Denmark,    Denmark     (Polarizable embedding model)
  Thomas B. Pedersen,       University of Oslo,           Norway      (Cholesky decomposition)
  Patricio F. Provasi,      University of Northeastern,   Argentina   (Analysis of coupling constants in localized orbitals)
  Zilvinas Rinkevicius,     KTH Stockholm,                Sweden      (open-shell DFT, ESR)
  Elias Rudberg,            KTH Stockholm,                Sweden      (DFT grid and basis info)
  Torgeir A. Ruden,         University of Oslo,           Norway      (Numerical derivatives in ABACUS)
  Kenneth Ruud,             UiT The Arctic U. of Norway,  Norway      (DALTON; ABACUS magnetic properties and much more)
  Pawel Salek,              KTH Stockholm,                Sweden      (DALTON; DFT code)
  Claire C. M. Samson       University of Karlsruhe       Germany     (Boys localization, r12 integrals in ERI)
  Alfredo Sanchez de Meras, University of Valencia,       Spain       (CC module, Cholesky decomposition)
  Trond Saue,               Paul Sabatier University,     France      (direct Fock matrix construction)
  Stephan P. A. Sauer,      University of Copenhagen,     Denmark     (SOPPA(CCSD), SOPPA prop., AOSOPPA, vibrational g-factors)
  Andre S. P. Gomes,        CNRS/Universite de Lille,     France      (Frozen density embedding model)
  Bernd Schimmelpfennig,    Forschungszentrum Karlsruhe,  Germany     (AMFI module)
  Anna K. Schnack-Petersen, University of Copenhagen,     Denmark     (RPA(D) and HRPA(D) properties in AOSOPPA)
  Kristian Sneskov,         Aarhus University,            Denmark     (Polarizable embedding model, QM/MM)
  Arnfinn H. Steindal,      UiT The Arctic U. of Norway,  Norway      (parallel QM/MM, Polarizable embedding model)
  Casper Steinmann,         Univ. of Southern Denmark,    Denmark     (QFIT, Polarizable embedding model)
  K. O. Sylvester-Hvid,     University of Copenhagen,     Denmark     (MC-SCRF)
  Peter R. Taylor,          VLSCI/Univ. of Melbourne,     Australia   (Symmetry handling ABACUS, integral transformation)
  Andrew M. Teale,          University of Nottingham,     England     (DFT-AC, DFT-D)
  David P. Tew,             University of Bristol,        England     (CCSD(R12))
  Olav Vahtras,             KTH Stockholm,                Sweden      (triplet response, spin-orbit, ESR, TDDFT, open-shell DFT)
  Lucas Visscher,           Vrije Universiteit Amsterdam, Netherlands (Frozen density embedding model)
  David J. Wilson,          La Trobe University,          Australia   (DFT Hessian and DFT magnetizabilities)
  Hans Agren,               KTH Stockholm,                Sweden      (SIRIUS module, RESPONS, MC-SCRF solvation model)
 --------------------------------------------------------------------------------

     Date and time (Linux)  : Fri Sep 25 16:40:47 2020
     Host name              : loke                                    

 * Work memory size             :    64000000 =  488.28 megabytes.

 * Directories for basis set searches:
   1) /home/reinholdt/Programs/dalton/DALTON/test/ghost_basis
   2) /home/reinholdt/Programs/dalton/build/basis


Compilation information
-----------------------

 Who compiled             | reinholdt
 Host                     | loke
 System                   | Linux-5.8.7-arch1-1
 CMake generator          | Unix Makefiles
 Processor                | x86_64
 64-bit integers          | OFF
 MPI                      | OFF
 Fortran compiler         | /usr/bin/gfortran
 Fortran compiler version | GNU Fortran (GCC) 10.2.0
 C compiler               | /usr/bin/gcc
 C compiler version       | gcc (GCC) 10.2.0
 C++ compiler             | /usr/bin/g++
 C++ compiler version     | g++ (GCC) 10.2.0
 BLAS                     | /opt/intel/mkl/lib/intel64/libmkl_gf_lp64.so;/opt/
                          | intel/mkl/lib/intel64/libmkl_sequential.so;/opt/in
                          | tel/mkl/lib/intel64/libmkl_core.so;/usr/lib/libpth
                          | read.so;/usr/lib/libm.so
 LAPACK                   | /opt/intel/mkl/lib/intel64/libmkl_lapack95_lp64.a;
                          | /opt/intel/mkl/lib/intel64/libmkl_gf_lp64.so
 Static linking           | OFF
 Last Git revision        | 771bfb0c82ca8b1be7525b86d013ecd2bd57e47d
 Git branch               | master
 Configuration time       | 2020-09-25 15:53:29.305816


   Content of the .dal input file
 ----------------------------------

**DALTON INPUT
.RUN WAVE
**WAVE FUN
.HF
**END OF


   Content of the .mol file
 ----------------------------

ATOMBASIS


Atomtypes=4 Angstrom NoSymmetry
Atoms=1 Charge=8 Basis=6-31G*
O   -0.1858140  -1.1749469   0.7662596
Atoms=2 Charge=1 Basis=6-31G*
H   -0.1285513  -0.8984365   1.6808606
H   -0.0582782  -0.3702550   0.2638279
Atoms=1 Charge=8 Basis=6-31G* Ghost
O    0.1747051   1.1050002  -0.7244430
Atoms=2 Charge=1 Basis=6-31G* Ghost
H   -0.5650842   1.3134964  -1.2949455
H    0.9282185   1.0652990  -1.3134026


       *******************************************************************
       *********** Output from DALTON general input processing ***********
       *******************************************************************

 --------------------------------------------------------------------------------
   Overall default print level:    0
   Print level for DALTON.STAT:    1

    HERMIT 1- and 2-electron integral sections will be executed
    "Old" integral transformation used (limited to max 255 basis functions)
    Wave function sections will be executed (SIRIUS module)
 --------------------------------------------------------------------------------


   ****************************************************************************
   *************** Output of molecule and basis set information ***************
   ****************************************************************************


    The two title cards from your ".mol" input:
    ------------------------------------------------------------------------
 1:                                                                         
 2:                                                                         
    ------------------------------------------------------------------------

  Coordinates are entered in Angstrom and converted to atomic units.
          - Conversion factor : 1 bohr = 0.52917721 A

  Atomic type no.    1
  --------------------
  Nuclear charge:   8.00000
  Number of symmetry independent centers:    1
  Number of basis sets to read;    2
  The basis set is "6-31G*" from the basis set library.
  Basis set file used for this atomic type with Z =   8 :
     "/home/reinholdt/Programs/dalton/build/basis/6-31G*"

  Info about the basis set file: your basis has no documentation.
  Basis set: 6-31G*                                                                          

  Atomic type no.    2
  --------------------
  Nuclear charge:   1.00000
  Number of symmetry independent centers:    2
  Number of basis sets to read;    2
  The basis set is "6-31G*" from the basis set library.
  Basis set file used for this atomic type with Z =   1 :
     "/home/reinholdt/Programs/dalton/build/basis/6-31G*"

  Info about the basis set file: your basis has no documentation.
  Basis set: 6-31G*                                                                          

  Atomic type no.    3
  --------------------
  Nuclear charge:   8.00000
  Number of symmetry independent centers:    1
  Number of basis sets to read;    2
  The basis set is "6-31G* Ghost" from the basis set library.
  Basis set file used for this atomic type with Z =   8 :
     "/home/reinholdt/Programs/dalton/build/basis/6-31G*"

  Info about the basis set file: your basis has no documentation.
  Basis set: 6-31G* Ghost                                                                    

  Atomic type no.    4
  --------------------
  Nuclear charge:   1.00000
  Number of symmetry independent centers:    2
  Number of basis sets to read;    2
  The basis set is "6-31G* Ghost" from the basis set library.
  Basis set file used for this atomic type with Z =   1 :
     "/home/reinholdt/Programs/dalton/build/basis/6-31G*"

  Info about the basis set file: your basis has no documentation.
  Basis set: 6-31G* Ghost                                                                    


                         SYMGRP: Point group information
                         -------------------------------

@    Point group: C1 


                                 Isotopic Masses
                                 ---------------

                           O          15.994915
                           H           1.007825
                           H           1.007825
                           O           0.000000
                           H           0.000000
                           H           0.000000

                       Total mass:    18.010565 amu
                       Natural abundance:   0.000 %

 Center-of-mass coordinates (a.u.):   -0.331596   -2.105997    1.491605
 Center-of-mass coordinates (Angs):   -0.175473   -1.114446    0.789324


  Atoms and basis sets
  --------------------

  Number of atom types :    4
  Total number of atoms:    6

  label    atoms   charge   prim   cont     basis
  ----------------------------------------------------------------------
  O           1    8.0000    27    14      [10s4p1d|3s2p1d]                                   
  H           2    1.0000     4     2      [4s|2s]                                            
  O           1    0.0000    27    14      [10s4p1d|3s2p1d]                                   
  H           2    0.0000     4     2      [4s|2s]                                            
  ----------------------------------------------------------------------
  total:      6   10.0000    70    36
  ----------------------------------------------------------------------
  Spherical harmonic basis used.

  Threshold for neglecting AO integrals:  1.00D-12


  Cartesian Coordinates (a.u.)
  ----------------------------

  Total number of coordinates:   18
  O       :     1  x  -0.3511375702    2  y  -2.2203278524    3  z   1.4480207846
  H       :     4  x  -0.2429267500    5  y  -1.6977989257    6  z   3.1763661883
  H       :     7  x  -0.1101298371    8  y  -0.6996805464    9  z   0.4985624751
  O       :    10  x   0.3301447916   11  y   2.0881477461   12  z  -1.3689988632
  H       :    13  x  -1.0678543756   14  y   2.4821484622   15  z  -2.4470923418
  H       :    16  x   1.7540787492   17  y   2.0131233512   18  z  -2.4819712059


   Interatomic separations (in Angstrom):
   --------------------------------------

            O           H           H           O           H           H     
            ------      ------      ------      ------      ------      ------
 O     :    0.000000
 H     :    0.957200    0.000000
 H     :    0.957200    1.513901    0.000000
 O     :    2.747786    3.145029    1.790904    0.000000
 H     :    3.253423    3.733447    2.349818    0.957200    0.000000
 H     :    3.253424    3.733448    2.349819    0.957200    1.513901    0.000000


  Max    interatomic separation is    3.7334 Angstrom (    7.0552 Bohr)
  between atoms    6 and    2, "H     " and "H     ".

  Min HX interatomic separation is    0.9572 Angstrom (    1.8088 Bohr)

  Min YX interatomic separation is    0.9572 Angstrom (    1.8088 Bohr)

@ WARNING: Number of short HX and YX bond lengths:    0    2
@ WARNING: If not intentional, maybe your coordinates were in Angstrom,
@ WARNING: but "Angstrom" was not specified in .mol file


  Bond distances (Angstrom):
  --------------------------

                  atom 1     atom 2       distance
                  ------     ------       --------
  bond distance:  H          O            0.957200
  bond distance:  H          O            0.957200


  Bond angles (degrees):
  ----------------------

                  atom 1     atom 2     atom 3         angle
                  ------     ------     ------         -----
  bond angle:     H          O          H            104.520




 Principal moments of inertia (u*A**2) and principal axes
 --------------------------------------------------------

   IA       0.614456         -0.046419   -0.348888    0.936014
   IB       1.154915          0.157710    0.922713    0.351751
   IC       1.769371          0.986394   -0.163946   -0.012192


 Rotational constants
 --------------------

@    The molecule is planar.

               A                   B                   C

         822482.5082         437589.8297         285626.4437 MHz
           27.435063           14.596426            9.527473 cm-1


@  Nuclear repulsion energy :    9.194963910981 Hartree

  Number of floating/multiple basis set orbitals :    3


                     .---------------------------------------.
                     | Starting in Integral Section (HERMIT) |
                     `---------------------------------------'



 ***************************************************************************************
 ****************** Output from **INTEGRALS input processing (HERMIT) ******************
 ***************************************************************************************


 - Using defaults, no **INTEGRALS input found

 Default print level:        1

 Calculation of one- and two-electron Hamiltonian integrals.

 Center of mass  (bohr):     -0.331596196086     -2.105996953478      1.491605307711
 Operator center (bohr):      0.000000000000      0.000000000000      0.000000000000
 Gauge origin    (bohr):      0.000000000000      0.000000000000      0.000000000000
 Dipole origin   (bohr):      0.000000000000      0.000000000000      0.000000000000

Calculation of 2-electron integrals are postoned until they are needed.


     ************************************************************************
     ************************** Output from HERINT **************************
     ************************************************************************



                      Nuclear contribution to dipole moments
                      --------------------------------------

                 au               Debye          C m (/(10**-30)

      x     -3.16215715        -8.03740126       -26.80988478
      y    -20.16010229       -51.24186556      -170.92446523
      z     15.25909494        38.78474822       129.37199449


  Total CPU  time used in HERMIT:   0.02 seconds
  Total wall time used in HERMIT:   0.02 seconds


                        .----------------------------------.
                        | End of Integral Section (HERMIT) |
                        `----------------------------------'



                   .--------------------------------------------.
                   | Starting in Wave Function Section (SIRIUS) |
                   `--------------------------------------------'


 *** Output from Huckel module :

     Using EWMO model:          T
     Using EHT  model:          F
     Number of Huckel orbitals each symmetry:   14

 EWMO - Energy Weighted Maximum Overlap - is a Huckel type method,
        which normally is better than Extended Huckel Theory.
 Reference: Linderberg and Ohrn, Propagators in Quantum Chemistry (Wiley, 1973)

 Huckel EWMO eigenvalues for symmetry :  1
          -20.684968      -1.611698      -0.778263      -0.688371      -0.616200
           -0.232269      -0.168130      -0.000000      -0.000000      -0.000000
            0.000000       0.000000       0.000000       0.000000

 **********************************************************************
 *SIRIUS* a direct, restricted step, second order MCSCF program       *
 **********************************************************************

 
     Date and time (Linux)  : Fri Sep 25 16:40:47 2020
     Host name              : loke                                    

 Title lines from ".mol" input file:
                                                                             
                                                                             

 Print level on unit LUPRI =   2 is   0
 Print level on unit LUW4  =   2 is   5

@    Restricted, closed shell Hartree-Fock calculation.

 Initial molecular orbitals are obtained according to
 ".MOSTART EWMO  " input option

     Wave function specification
     ============================
@    Wave function type        --- HF ---
@    Number of closed shell electrons          10
@    Number of electrons in active shells       0
@    Total charge of the molecule               0

@    Spin multiplicity and 2 M_S                1         0
@    Total number of symmetries                 1 (point group: C1 )
@    Reference state symmetry                   1 (irrep name : A  )

     Orbital specifications
     ======================
@    Abelian symmetry species          All |    1
@                                          |  A  
                                       --- |  ---
@    Occupied SCF orbitals               5 |    5
@    Secondary orbitals                 31 |   31
@    Total number of orbitals           36 |   36
@    Number of basis functions          36 |   36

     Optimization information
     ========================
@    Number of configurations                 1
@    Number of orbital rotations            155
     ------------------------------------------
@    Total number of variables              156

     Maximum number of Fock   iterations      0
     Maximum number of DIIS   iterations     60
     Maximum number of QC-SCF iterations     60
     Threshold for SCF convergence     1.00D-05


 ***********************************************
 ***** DIIS acceleration of SCF iterations *****
 ***********************************************

 C1-DIIS algorithm; max error vectors =    8

 Iter      Total energy        Error norm    Delta(E)  DIIS dim.
 -----------------------------------------------------------------------------

Calculating AOSUPINT

---> (Re)generating AOTWOINT


     ************************************************************************
     ************************** Output from HERINT **************************
     ************************************************************************


 Threshold for neglecting two-electron integrals:  1.00D-12
 HERMIT - Number of two-electron integrals written:      205332 ( 92.4% )
 HERMIT - Megabytes written:                              2.357

     (Precalculated AO two-electron integrals are transformed to P-supermatrix elements.
      Threshold for discarding integrals :  1.00D-12 )
@  1    -75.8456249732        1.52417D+00   -7.58D+01    1
      Virial theorem: -V/T =      2.000221
@    MULPOP   O      -0.61; H       0.30; H       0.32; 
   1  Level shift: doubly occupied orbital energies shifted by -2.00D-01
 -----------------------------------------------------------------------------
@  2    -76.0002701538        3.21579D-01   -1.55D-01    2
      Virial theorem: -V/T =      2.001791
@    MULPOP   O      -0.82; H       0.40; H       0.44; 
   2  Level shift: doubly occupied orbital energies shifted by -5.00D-02
 -----------------------------------------------------------------------------
@  3    -76.0091911614        7.98463D-02   -8.92D-03    3
      Virial theorem: -V/T =      2.000143
@    MULPOP   O      -0.89; H       0.43; H       0.48; 
   3  Level shift: doubly occupied orbital energies shifted by -1.25D-02
 -----------------------------------------------------------------------------
@  4    -76.0098246676        2.18613D-02   -6.34D-04    4
      Virial theorem: -V/T =      2.000816
@    MULPOP   O      -0.91; H       0.44; H       0.49; 
 -----------------------------------------------------------------------------
@  5    -76.0098545209        6.10562D-03   -2.99D-05    5
      Virial theorem: -V/T =      2.000391
@    MULPOP   O      -0.92; H       0.44; H       0.49; 
 -----------------------------------------------------------------------------
@  6    -76.0098591091        1.36610D-03   -4.59D-06    6
      Virial theorem: -V/T =      2.000475
@    MULPOP   O      -0.92; H       0.45; H       0.49; 
 -----------------------------------------------------------------------------
@  7    -76.0098594261        1.82157D-04   -3.17D-07    7
      Virial theorem: -V/T =      2.000489
@    MULPOP   O      -0.92; H       0.45; H       0.49; 
 -----------------------------------------------------------------------------
@  8    -76.0098594314        2.94707D-05   -5.29D-09    8
      Virial theorem: -V/T =      2.000489
@    MULPOP   O      -0.92; H       0.45; H       0.49; 
 -----------------------------------------------------------------------------
@  9    -76.0098594315        4.48559D-06   -1.22D-10    8

@ *** DIIS converged in   9 iterations !
@     Converged SCF energy, gradient:    -76.009859431511    4.49D-06
    - total time used in SIRFCK :              0.00 seconds


 *** SCF orbital energy analysis ***

 Only the 20 lowest virtual orbital energies printed in each symmetry.

 Number of electrons :   10
 Orbital occupations :    5

 Sym       Hartree-Fock orbital energies

1 A     -20.55578648    -1.34187813    -0.70712356    -0.57120481    -0.49790369
          0.13944800     0.24326251     0.31775348     0.35142997     0.58043273
          0.72857357     0.87273277     0.89873913     1.02877681     1.16959037
          1.17094582     1.20174586     1.43266109     1.81070556     2.02152399
          2.03072152     2.06604060     2.11632773     2.31591371     2.58696576

    E(LUMO) :     0.13944800 au (symmetry 1)
  - E(HOMO) :    -0.49790369 au (symmetry 1)
  ------------------------------------------
    gap     :     0.63735169 au

 --- Writing SIRIFC interface file

 CPU and wall time for SCF :       0.100       0.099


                       .-----------------------------------.
                       | --- Final results from SIRIUS --- |
                       `-----------------------------------'


@    Spin multiplicity:           1
@    Spatial symmetry:            1 ( irrep  A   in C1  )
@    Total charge of molecule:    0

@    Final HF energy:             -76.009859431511                 
@    Nuclear repulsion:             9.194963910981
@    Electronic energy:           -85.204823342491

@    Final gradient norm:           0.000004485589

 
     Date and time (Linux)  : Fri Sep 25 16:40:47 2020
     Host name              : loke                                    

File label for MO orbitals:  25Sep20   FOCKDIIS

 (Only coefficients > 0.0100 are printed.)

 Molecular orbitals for symmetry species 1  (A  )
 ------------------------------------------------

    Orbital         1        2        3        4        5        6        7
   1 O   :1s    -0.9958  -0.2142   0.0002  -0.0699  -0.0000   0.0377  -0.0732
   2 O   :1s    -0.0224   0.4664   0.0014   0.1729   0.0000  -0.0469   0.0941
   3 O   :1s     0.0096   0.5029  -0.0074   0.2735   0.0000  -0.4898   1.0099
   4 O   :2px   -0.0003   0.0145  -0.0235  -0.0874   0.6304  -0.0216   0.0222
   5 O   :2py   -0.0016   0.0845  -0.1766  -0.5115  -0.1048  -0.1323   0.1193
   6 O   :2pz   -0.0005   0.0330   0.4746  -0.1955  -0.0078   0.0329   0.1909
   7 O   :2px    0.0004   0.0097  -0.0148  -0.0651   0.5048  -0.0400   0.0483
   8 O   :2py    0.0024   0.0573  -0.1106  -0.3814  -0.0839  -0.2439   0.2560
   9 O   :2pz    0.0000   0.0153   0.2908  -0.1390  -0.0062   0.0462   0.4610
  10 O   :3d2-   0.0001   0.0045  -0.0051  -0.0101   0.0300  -0.0030   0.0027
  11 O   :3d1-  -0.0002  -0.0024   0.0382  -0.0171  -0.0023   0.0010   0.0120
  12 O   :3d0    0.0002   0.0104   0.0292   0.0059  -0.0003   0.0028   0.0082
  13 O   :3d1+  -0.0000   0.0000   0.0068  -0.0031   0.0117   0.0001   0.0023
  14 O   :3d2+  -0.0002  -0.0132   0.0163   0.0289   0.0104   0.0089  -0.0075
  15 H   :1s    -0.0004   0.1304   0.2313  -0.1409   0.0000   0.0208  -0.0615
  16 H   :1s    -0.0015  -0.0045   0.1075  -0.0807   0.0000   0.2193  -1.4078
  17 H   :1s    -0.0003   0.1311  -0.2312  -0.1417  -0.0000   0.0248  -0.0400
  18 H   :1s    -0.0041  -0.0255  -0.0969  -0.0589  -0.0000   0.5785  -0.2990
  20 O   :1s    -0.0004  -0.0019   0.0014   0.0019   0.0000   0.0196   0.0192
  21 O   :1s     0.0008   0.0071  -0.0043  -0.0070  -0.0000  -0.1904  -0.1643
  26 O   :2py   -0.0008  -0.0059   0.0055   0.0042  -0.0012   0.0103   0.0153
  27 O   :2pz    0.0006   0.0053  -0.0039  -0.0105  -0.0001   0.1566   0.0452
  33 H   :1s    -0.0001  -0.0007   0.0006  -0.0005   0.0028  -0.0203  -0.0122
  34 H   :1s     0.0003   0.0034  -0.0041  -0.0040  -0.0051   0.5642   0.3175
  35 H   :1s    -0.0001  -0.0007   0.0006  -0.0005  -0.0028  -0.0203  -0.0122
  36 H   :1s     0.0003   0.0034  -0.0041  -0.0040   0.0051   0.5642   0.3175

    Orbital         8        9       10       11       12       13       14
   1 O   :1s    -0.0000   0.0243  -0.0205  -0.0177  -0.0000   0.0372  -0.0031
   2 O   :1s     0.0000  -0.0498   0.0731   0.0723   0.0000  -0.1824   0.0261
   3 O   :1s     0.0000  -0.2924   0.1665   0.2182   0.0000  -0.3938  -0.0189
   4 O   :2px   -0.0264  -0.0242   0.0065   0.0078  -0.0855   0.0054   0.0015
   5 O   :2py    0.0044  -0.1645   0.0461   0.0529   0.0142   0.0210   0.0040
   6 O   :2pz    0.0003   0.2543  -0.0967  -0.0784   0.0011   0.1543   0.0709
   7 O   :2px    0.0041  -0.0516   0.0212   0.0198   0.0750  -0.0440  -0.0337
   8 O   :2py   -0.0007  -0.3566   0.1345   0.1364  -0.0125  -0.2763  -0.2496
   9 O   :2pz   -0.0001   0.6241  -0.0916  -0.2291  -0.0009   0.1522   0.6272
  10 O   :3d2-   0.0023  -0.0021   0.0007  -0.0009   0.0106  -0.0041   0.0184
  11 O   :3d1-   0.0005   0.0099   0.0079  -0.0017   0.0008   0.0133  -0.1454
  12 O   :3d0    0.0001   0.0089  -0.0062   0.0144   0.0001  -0.0076  -0.1155
  13 O   :3d1+  -0.0031   0.0018   0.0012  -0.0000  -0.0058   0.0019  -0.0259
  14 O   :3d2+   0.0008   0.0066  -0.0016   0.0026   0.0036   0.0126  -0.0594
  15 H   :1s     0.0000  -0.0429  -0.0290   0.0965  -0.0000   0.0004  -0.8494
  16 H   :1s     0.0000  -0.9320   0.1556   0.2319   0.0000  -0.3180   0.4777
  17 H   :1s    -0.0000   0.0939  -0.0277   0.0289  -0.0000  -0.1349   0.8157
  18 H   :1s    -0.0000   1.4517  -0.4939  -0.8270  -0.0000   1.4658  -0.4605
  19 O   :1s     0.0000  -0.0047  -0.0139  -0.0144   0.0000  -0.0043  -0.0019
  20 O   :1s     0.0000  -0.0510  -0.1503  -0.1536   0.0000  -0.0457  -0.0204
  21 O   :1s    -0.0000   0.4427   1.1946   1.5361  -0.0000   0.5563   0.1106
  22 O   :2px    0.0074   0.0004  -0.0055   0.0061  -0.0706  -0.0058   0.0003
  23 O   :2py   -0.0012   0.0023  -0.0311   0.0345   0.0117  -0.0388   0.0017
  24 O   :2pz   -0.0001  -0.0007  -0.0268   0.0301   0.0009   0.0503   0.0004
  25 O   :2px   -0.2180  -0.0054   0.0870  -0.1140   1.6249   0.1307  -0.0002
  26 O   :2py    0.0362  -0.0307   0.4929  -0.6424  -0.2701   0.8724   0.0054
  27 O   :2pz    0.0027  -0.0272   0.4120  -0.5831  -0.0201  -1.1591  -0.0873
  29 O   :3d1-  -0.0012   0.0068  -0.0012  -0.0022   0.0017   0.0005  -0.0205
  32 O   :3d2+  -0.0005   0.0082  -0.0025  -0.0026  -0.0008   0.0025  -0.0137
  33 H   :1s     0.0599   0.0206   0.0283   0.0037   0.0696  -0.0359   0.0125
  34 H   :1s    -1.2289  -0.5118  -0.3730  -0.5562   1.0656  -0.5885  -0.0118
  35 H   :1s    -0.0599   0.0206   0.0283   0.0037  -0.0696  -0.0359   0.0125
  36 H   :1s     1.2289  -0.5118  -0.3730  -0.5562  -1.0656  -0.5885  -0.0118

    Orbital        15
   1 O   :1s    -0.0661
   2 O   :1s     0.3122
   3 O   :1s    -0.0725
   4 O   :2px    0.0441
   5 O   :2py    0.2551
   6 O   :2pz    0.1367
   7 O   :2px    0.0456
   8 O   :2py    0.2715
   9 O   :2pz    0.0372
  10 O   :3d2-  -0.0356
  11 O   :3d1-   0.0896
  12 O   :3d0   -0.1775
  14 O   :3d2+   0.1076
  15 H   :1s    -0.8691
  16 H   :1s     0.4756
  17 H   :1s    -0.9013
  18 H   :1s     0.4480
  20 O   :1s     0.0313
  21 O   :1s    -0.0460
  25 O   :2px   -0.0143
  26 O   :2py   -0.0854
  29 O   :3d1-   0.0274
  32 O   :3d2+   0.0219
  34 H   :1s    -0.0257
  36 H   :1s    -0.0257

  Total CPU  time used in SIRIUS :   0.11 seconds
  Total wall time used in SIRIUS :   0.11 seconds

 
     Date and time (Linux)  : Fri Sep 25 16:40:47 2020
     Host name              : loke                                    

 NOTE:    1 warnings have been issued.
 Check output, result, and error files for "WARNING".


                     .---------------------------------------.
                     | End of Wave Function Section (SIRIUS) |
                     `---------------------------------------'

  Total CPU  time used in DALTON:   0.14 seconds
  Total wall time used in DALTON:   0.14 seconds

 
     Date and time (Linux)  : Fri Sep 25 16:40:47 2020
     Host name              : loke                                    
